// Jest Snapshot v1, https://goo.gl/fbAQLP

exports[`renders section heading correctly 1`] = `
<div
  class="mb-8 md:mb-12 section-heading primary"
  role="presentation"
>
  <span
    class="mb-2 block text-lg font-medium md:text-xl sub-title"
  >
    Lemon Hive
  </span>
  <h2
    class="text-2xl font-medium  md:text-4xl md:font-bold title"
  >
    What Makes Us Different?
  </h2>
  <div
    class="mt-4 lg:mt-8"
  >
    <article
      class="normal-block-font-size-normal"
    >
      <div
        class="space-y-4 main-wrapper"
      >
        <p
          class="normal"
          id="0ffdc2e0f0b8"
        >
          <a
            class="underline text-secondary"
            href="https://www.google.com"
            target="_blank"
          >
            Headless website
          </a>
           for an award winning digital marketing agency.
        </p>
        <br />
        <p
          class="normal"
          id="c0b3d76ed804"
        >
          <strong>
            Lorem ipsum
          </strong>
           dolor 
          <em>
            sit amet consectetur
          </em>
          . Vitae cursus ultricies interdu ridiculus. Nullam nuwel craegestas risus 
          <span
            style="text-decoration: underline;"
          >
            diam lorem nascetur
          </span>
          . Lorem ipsum dolor sit amet consectetur. Vitae cursus ultricies interdu ridiculus. Nullam nuwel craegestas risus 
          <strong>
            diam lorem nascetu ullam nuwel
          </strong>
        </p>
      </div>
    </article>
  </div>
</div>
`;
